
> app@1.0.0 start
> concurrently "vite" "wait-on tcp:5173 && cross-env NODE_ENV=development electron ."

[0]
[0]   VITE v8.0.3  ready in 1423 ms
[0]
[0]   ➜  Local:   http://localhost:5173/
[0]   ➜  Network: use --host to expose
[1] [107161:0406/065235.118276:ERROR:ui/ozone/platform/x11/ozone_platform_x11.cc:256] Missing X server or $DISPLAY
[1] [107161:0406/065235.118599:ERROR:ui/aura/env.cc:246] The platform failed to initialize.  Exiting.
[1] /app/node_modules/electron/dist/electron exited with signal SIGSEGV
[1] wait-on tcp:5173 && cross-env NODE_ENV=development electron . exited with code 1
[0] 11:57:42 AM [vite] (client) hmr update /src/components/InvoiceForm.jsx, /src/index.css
[0] 11:59:32 AM [vite] (client) hmr update /src/components/LiveRate.jsx, /src/index.css
[0] 11:59:39 AM [vite] (client) hmr update /src/components/LiveRate.jsx, /src/index.css
[0] 12:00:23 PM [vite] (client) hmr update /src/components/InvoiceForm.jsx, /src/index.css
[0] 12:00:29 PM [vite] (client) hmr update /src/components/InvoiceForm.jsx, /src/index.css
[0] 12:01:09 PM [vite] (client) hmr update /src/App.jsx, /src/index.css
[0] 12:01:18 PM [vite] (client) hmr update /src/App.jsx, /src/index.css
[0] 12:10:01 PM [vite] (client) hmr update /src/App.jsx, /src/index.css
[0] 12:10:10 PM [vite] (client) hmr update /src/App.jsx, /src/index.css
[0] 12:10:29 PM [vite] (client) hmr update /src/components/LiveRate.jsx, /src/index.css
[0] 12:10:53 PM [vite] (client) hmr update /src/components/InvoiceForm.jsx, /src/index.css
[0] 12:10:59 PM [vite] (client) hmr update /src/components/InvoiceForm.jsx, /src/index.css
[0] 12:11:12 PM [vite] (client) hmr update /src/components/InvoiceForm.jsx, /src/index.css
[0] 12:11:22 PM [vite] (client) hmr update /src/components/InvoiceForm.jsx, /src/index.css
[0] 12:11:31 PM [vite] (client) hmr update /src/components/InvoiceForm.jsx, /src/index.css
[0] 12:11:40 PM [vite] (client) hmr update /src/components/InvoiceForm.jsx, /src/index.css
[0] 7:44:49 AM [vite] (client) hmr update /src/index.css
[0] 7:45:20 AM [vite] (client) hmr update /src/App.jsx, /src/index.css
[0] 7:47:40 AM [vite] (client) hmr update /src/components/InvoiceForm.jsx, /src/index.css
