
> app@1.0.0 start
> concurrently "vite" "wait-on tcp:5173 && cross-env NODE_ENV=development electron ."

[0]
[0]   VITE v8.0.3  ready in 991 ms
[0]
[0]   ➜  Local:   http://localhost:5173/
[0]   ➜  Network: use --host to expose
[1] [296571:0408/083605.564723:ERROR:ui/ozone/platform/x11/ozone_platform_x11.cc:256] Missing X server or $DISPLAY
[1] [296571:0408/083605.564826:ERROR:ui/aura/env.cc:246] The platform failed to initialize.  Exiting.
[1] /app/node_modules/electron/dist/electron exited with signal SIGSEGV
[1] wait-on tcp:5173 && cross-env NODE_ENV=development electron . exited with code 1
[0] 5:41:09 AM [vite] (client) hmr update /src/App.jsx, /src/index.css
[0] 5:43:07 AM [vite] (client) hmr update /src/App.jsx, /src/index.css
[0] 5:43:07 AM [vite] Internal server error: Transform failed with 1 error:
[0]
[0] [31m[PARSE_ERROR] Error:[0m Expected corresponding JSX closing tag for 'motion.aside'.
[0]      [38;5;246m╭[0m[38;5;246m─[0m[38;5;246m[[0m src/App.jsx:157:9 [38;5;246m][0m
[0]      [38;5;246m│[0m
[0]  [38;5;246m 51 │[0m [38;5;249m [0m[38;5;249m [0m[38;5;249m [0m[38;5;249m [0m[38;5;249m [0m[38;5;249m [0m[38;5;249m<[0mmotion.aside
[0]  [38;5;240m    │[0m        ──────┬─────
[0]  [38;5;240m    │[0m              ╰─────── Opened here
[0]  [38;5;240m    │[0m
[0]  [38;5;246m157 │[0m [38;5;249m [0m[38;5;249m [0m[38;5;249m [0m[38;5;249m [0m[38;5;249m [0m[38;5;249m [0m[38;5;249m<[0m[38;5;249m/[0maside[38;5;249m>[0m
[0]  [38;5;240m    │[0m         ──┬──
[0]  [38;5;240m    │[0m           ╰──── Expected `</motion.aside>`
[0] [38;5;246m─────╯[0m
[0]
[0]   Plugin: vite:oxc
[0]   File: /app/src/App.jsx
[0]       at transformWithOxc (file:///app/node_modules/vite/dist/node/chunks/node.js:3720:19)
[0]       at TransformPluginContext.transform (file:///app/node_modules/vite/dist/node/chunks/node.js:3788:26)
[0]       at EnvironmentPluginContainer.transform (file:///app/node_modules/vite/dist/node/chunks/node.js:30048:51)
[0]       at async loadAndTransform (file:///app/node_modules/vite/dist/node/chunks/node.js:24177:26)
[0]       at async viteTransformMiddleware (file:///app/node_modules/vite/dist/node/chunks/node.js:24986:20)
[0] 5:43:13 AM [vite] (client) hmr update /src/App.jsx, /src/index.css
[0] 5:43:13 AM [vite] Internal server error: Transform failed with 1 error:
[0]
[0] [31m[PARSE_ERROR] Error:[0m Expected corresponding JSX closing tag for 'motion.aside'.
[0]      [38;5;246m╭[0m[38;5;246m─[0m[38;5;246m[[0m src/App.jsx:157:9 [38;5;246m][0m
[0]      [38;5;246m│[0m
[0]  [38;5;246m 51 │[0m [38;5;249m [0m[38;5;249m [0m[38;5;249m [0m[38;5;249m [0m[38;5;249m [0m[38;5;249m [0m[38;5;249m<[0mmotion.aside
[0]  [38;5;240m    │[0m        ──────┬─────
[0]  [38;5;240m    │[0m              ╰─────── Opened here
[0]  [38;5;240m    │[0m
[0]  [38;5;246m157 │[0m [38;5;249m [0m[38;5;249m [0m[38;5;249m [0m[38;5;249m [0m[38;5;249m [0m[38;5;249m [0m[38;5;249m<[0m[38;5;249m/[0maside[38;5;249m>[0m
[0]  [38;5;240m    │[0m         ──┬──
[0]  [38;5;240m    │[0m           ╰──── Expected `</motion.aside>`
[0] [38;5;246m─────╯[0m
[0]
[0]   Plugin: vite:oxc
[0]   File: /app/src/App.jsx
[0]       at transformWithOxc (file:///app/node_modules/vite/dist/node/chunks/node.js:3720:19)
[0]       at TransformPluginContext.transform (file:///app/node_modules/vite/dist/node/chunks/node.js:3788:26)
[0]       at EnvironmentPluginContainer.transform (file:///app/node_modules/vite/dist/node/chunks/node.js:30048:51)
[0]       at async loadAndTransform (file:///app/node_modules/vite/dist/node/chunks/node.js:24177:26)
[0]       at async viteTransformMiddleware (file:///app/node_modules/vite/dist/node/chunks/node.js:24986:20)
[0] 5:44:47 AM [vite] (client) hmr update /src/App.jsx, /src/index.css
[0] 5:44:47 AM [vite] Internal server error: Transform failed with 1 error:
[0]
[0] [31m[PARSE_ERROR] Error:[0m Expected corresponding JSX closing tag for 'motion.aside'.
[0]      [38;5;246m╭[0m[38;5;246m─[0m[38;5;246m[[0m src/App.jsx:156:9 [38;5;246m][0m
[0]      [38;5;246m│[0m
[0]  [38;5;246m 50 │[0m [38;5;249m [0m[38;5;249m [0m[38;5;249m [0m[38;5;249m [0m[38;5;249m [0m[38;5;249m [0m[38;5;249m<[0mmotion.aside
[0]  [38;5;240m    │[0m        ──────┬─────
[0]  [38;5;240m    │[0m              ╰─────── Opened here
[0]  [38;5;240m    │[0m
[0]  [38;5;246m156 │[0m [38;5;249m [0m[38;5;249m [0m[38;5;249m [0m[38;5;249m [0m[38;5;249m [0m[38;5;249m [0m[38;5;249m<[0m[38;5;249m/[0maside[38;5;249m>[0m
[0]  [38;5;240m    │[0m         ──┬──
[0]  [38;5;240m    │[0m           ╰──── Expected `</motion.aside>`
[0] [38;5;246m─────╯[0m
[0]
[0]   Plugin: vite:oxc
[0]   File: /app/src/App.jsx
[0]       at transformWithOxc (file:///app/node_modules/vite/dist/node/chunks/node.js:3720:19)
[0]       at TransformPluginContext.transform (file:///app/node_modules/vite/dist/node/chunks/node.js:3788:26)
[0]       at EnvironmentPluginContainer.transform (file:///app/node_modules/vite/dist/node/chunks/node.js:30048:51)
[0]       at async loadAndTransform (file:///app/node_modules/vite/dist/node/chunks/node.js:24177:26)
[0]       at async viteTransformMiddleware (file:///app/node_modules/vite/dist/node/chunks/node.js:24986:20)
[0] 5:49:18 AM [vite] (client) hmr update /src/App.jsx, /src/index.css
[0] 5:49:20 AM [vite] (client) ✨ new dependencies optimized: framer-motion
[0] 5:49:20 AM [vite] (client) ✨ optimized dependencies changed. reloading
[0] 5:56:37 AM [vite] (client) hmr update /src/App.jsx, /src/index.css
