
> app@1.0.0 start
> concurrently "vite" "wait-on tcp:5173 && cross-env NODE_ENV=development electron ."

[0] Port 5173 is in use, trying another one...
[0]
[0]   VITE v8.0.3  ready in 939 ms
[0]
[0]   ➜  Local:   http://localhost:5174/
[0]   ➜  Network: use --host to expose
[1] [300453:0408/083730.457292:ERROR:dbus/bus.cc:405] Failed to connect to the bus: Could not parse server address: Unknown address type (examples of valid types are "tcp" and on UNIX "unix")
[1] [300453:0408/083730.719289:ERROR:dbus/bus.cc:405] Failed to connect to the bus: Could not parse server address: Unknown address type (examples of valid types are "tcp" and on UNIX "unix")
[1] Companion server running at http://0.0.0.0:3001
[1] [300453:0408/083731.057420:ERROR:dbus/object_proxy.cc:572] Failed to call method: org.freedesktop.DBus.NameHasOwner: object_path= /org/freedesktop/DBus: unknown error type:
[1] [300453:0408/083731.057659:ERROR:dbus/bus.cc:405] Failed to connect to the bus: Could not parse server address: Unknown address type (examples of valid types are "tcp" and on UNIX "unix")
[1] [300453:0408/083731.098991:ERROR:dbus/object_proxy.cc:572] Failed to call method: org.freedesktop.DBus.NameHasOwner: object_path= /org/freedesktop/DBus: unknown error type:
[1] [300483:0408/083732.038757:ERROR:gpu/command_buffer/service/context_group.cc:138] ContextResult::kFatalFailure: WebGL1 blocklisted
[0] 5:41:09 AM [vite] (client) hmr update /src/App.jsx, /src/index.css
[0] 5:43:07 AM [vite] (client) hmr update /src/App.jsx, /src/index.css
[0] 5:43:13 AM [vite] (client) hmr update /src/App.jsx, /src/index.css
[0] 5:44:47 AM [vite] (client) hmr update /src/App.jsx, /src/index.css
[0] 5:46:40 AM [vite] (client) Pre-transform error: Transform failed with 1 error:
[0]
[0] [31m[PARSE_ERROR] Error:[0m Expected corresponding JSX closing tag for 'motion.aside'.
[0]      [38;5;246m╭[0m[38;5;246m─[0m[38;5;246m[[0m src/App.jsx:156:9 [38;5;246m][0m
[0]      [38;5;246m│[0m
[0]  [38;5;246m 50 │[0m [38;5;249m [0m[38;5;249m [0m[38;5;249m [0m[38;5;249m [0m[38;5;249m [0m[38;5;249m [0m[38;5;249m<[0mmotion.aside
[0]  [38;5;240m    │[0m        ──────┬─────
[0]  [38;5;240m    │[0m              ╰─────── Opened here
[0]  [38;5;240m    │[0m
[0]  [38;5;246m156 │[0m [38;5;249m [0m[38;5;249m [0m[38;5;249m [0m[38;5;249m [0m[38;5;249m [0m[38;5;249m [0m[38;5;249m<[0m[38;5;249m/[0maside[38;5;249m>[0m
[0]  [38;5;240m    │[0m         ──┬──
[0]  [38;5;240m    │[0m           ╰──── Expected `</motion.aside>`
[0] [38;5;246m─────╯[0m
[0]
[0]   Plugin: vite:oxc
[0]   File: /app/src/App.jsx
[0] 5:46:41 AM [vite] Internal server error: Transform failed with 1 error:
[0]
[0] [31m[PARSE_ERROR] Error:[0m Expected corresponding JSX closing tag for 'motion.aside'.
[0]      [38;5;246m╭[0m[38;5;246m─[0m[38;5;246m[[0m src/App.jsx:156:9 [38;5;246m][0m
[0]      [38;5;246m│[0m
[0]  [38;5;246m 50 │[0m [38;5;249m [0m[38;5;249m [0m[38;5;249m [0m[38;5;249m [0m[38;5;249m [0m[38;5;249m [0m[38;5;249m<[0mmotion.aside
[0]  [38;5;240m    │[0m        ──────┬─────
[0]  [38;5;240m    │[0m              ╰─────── Opened here
[0]  [38;5;240m    │[0m
[0]  [38;5;246m156 │[0m [38;5;249m [0m[38;5;249m [0m[38;5;249m [0m[38;5;249m [0m[38;5;249m [0m[38;5;249m [0m[38;5;249m<[0m[38;5;249m/[0maside[38;5;249m>[0m
[0]  [38;5;240m    │[0m         ──┬──
[0]  [38;5;240m    │[0m           ╰──── Expected `</motion.aside>`
[0] [38;5;246m─────╯[0m
[0]
[0]   Plugin: vite:oxc
[0]   File: /app/src/App.jsx
[0]       at transformWithOxc (file:///app/node_modules/vite/dist/node/chunks/node.js:3720:19)
[0]       at TransformPluginContext.transform (file:///app/node_modules/vite/dist/node/chunks/node.js:3788:26)
[0]       at EnvironmentPluginContainer.transform (file:///app/node_modules/vite/dist/node/chunks/node.js:30048:51)
[0]       at async loadAndTransform (file:///app/node_modules/vite/dist/node/chunks/node.js:24177:26)
[0]       at async viteTransformMiddleware (file:///app/node_modules/vite/dist/node/chunks/node.js:24986:20)
[0] 5:48:01 AM [vite] Internal server error: Transform failed with 1 error:
[0]
[0] [31m[PARSE_ERROR] Error:[0m Expected corresponding JSX closing tag for 'motion.aside'.
[0]      [38;5;246m╭[0m[38;5;246m─[0m[38;5;246m[[0m src/App.jsx:156:9 [38;5;246m][0m
[0]      [38;5;246m│[0m
[0]  [38;5;246m 50 │[0m [38;5;249m [0m[38;5;249m [0m[38;5;249m [0m[38;5;249m [0m[38;5;249m [0m[38;5;249m [0m[38;5;249m<[0mmotion.aside
[0]  [38;5;240m    │[0m        ──────┬─────
[0]  [38;5;240m    │[0m              ╰─────── Opened here
[0]  [38;5;240m    │[0m
[0]  [38;5;246m156 │[0m [38;5;249m [0m[38;5;249m [0m[38;5;249m [0m[38;5;249m [0m[38;5;249m [0m[38;5;249m [0m[38;5;249m<[0m[38;5;249m/[0maside[38;5;249m>[0m
[0]  [38;5;240m    │[0m         ──┬──
[0]  [38;5;240m    │[0m           ╰──── Expected `</motion.aside>`
[0] [38;5;246m─────╯[0m
[0]
[0]   Plugin: vite:oxc
[0]   File: /app/src/App.jsx
[0]       at transformWithOxc (file:///app/node_modules/vite/dist/node/chunks/node.js:3720:19)
[0]       at TransformPluginContext.transform (file:///app/node_modules/vite/dist/node/chunks/node.js:3788:26)
[0]       at EnvironmentPluginContainer.transform (file:///app/node_modules/vite/dist/node/chunks/node.js:30048:51)
[0]       at async loadAndTransform (file:///app/node_modules/vite/dist/node/chunks/node.js:24177:26)
[0]       at async viteTransformMiddleware (file:///app/node_modules/vite/dist/node/chunks/node.js:24986:20)
[0] 5:49:18 AM [vite] (client) hmr update /src/App.jsx, /src/index.css
[0] 5:49:27 AM [vite] (client) ✨ new dependencies optimized: framer-motion
[0] 5:49:27 AM [vite] (client) ✨ optimized dependencies changed. reloading
[0] 5:56:37 AM [vite] (client) hmr update /src/App.jsx, /src/index.css
